
> OpenHW-desktop@1.0.0 build:linux
> electron-builder --linux

  • electron-builder  version=24.13.3 os=6.14.0-29-generic
  • loaded configuration  file=package.json ("build" field)
  • packaging       platform=linux arch=x64 electron=28.3.3 appOutDir=dist/linux-unpacked
  • building        target=AppImage arch=x64 file=dist/OpenHW-1.0.0.AppImage
  • default Electron icon is used  reason=application icon is not set
  • building        target=deb arch=x64 file=dist/OpenHW-desktop_1.0.0_amd64.deb
  ⨯ Please specify project homepage, see https://electron.build/configuration/configuration#Metadata-homepage

Please specify author 'email' in the application package.json

See https://docs.npmjs.com/files/package.json#people-fields-author-contributors

It is required to set Linux .deb package maintainer. Or you can set maintainer in the custom linux options.
(see https://www.electron.build/configuration/linux).
  failedTask=build stackTrace=Error: Please specify project homepage, see https://electron.build/configuration/configuration#Metadata-homepage
                                                                                                                                                                                                                                                                                                                                                                                                                                     Please specify author 'email' in the application package.json
                                                                                                                                                                                                                                                                                                                                                                                                                                     See https://docs.npmjs.com/files/package.json#people-fields-author-contributors
                                                                                                                                                                                                                                                                                                                                                                                                                                     It is required to set Linux .deb package maintainer. Or you can set maintainer in the custom linux options.
(see https://www.electron.build/configuration/linux).
                                                                                                                                                                                                                                                                                                                                                                                                                                         at FpmTarget.computeFpmMetaInfoOptions (/home/kaiden/Downloads/OpenHW-main/node_modules/app-builder-lib/src/targets/FpmTarget.ts:94:13)
    at FpmTarget.build (/home/kaiden/Downloads/OpenHW-main/node_modules/app-builder-lib/src/targets/FpmTarget.ts:165:25)
    at /home/kaiden/Downloads/OpenHW-main/node_modules/app-builder-lib/src/platformPackager.ts:158:11
    at async Promise.all (index 0)
    at AsyncTaskManager.awaitTasks (/home/kaiden/Downloads/OpenHW-main/node_modules/builder-util/src/asyncTaskManager.ts:65:25)
    at Packager.doBuild (/home/kaiden/Downloads/OpenHW-main/node_modules/app-builder-lib/src/packager.ts:461:5)
    at executeFinally (/home/kaiden/Downloads/OpenHW-main/node_modules/builder-util/src/promise.ts:12:14)
    at Packager._build (/home/kaiden/Downloads/OpenHW-main/node_modules/app-builder-lib/src/packager.ts:379:31)
    at Packager.build (/home/kaiden/Downloads/OpenHW-main/node_modules/app-builder-lib/src/packager.ts:340:12)
    at executeFinally (/home/kaiden/Downloads/OpenHW-main/node_modules/builder-util/src/promise.ts:12:14)
